Copyright 1986-2017 Xilinx, Inc. All Rights Reserved.
--------------------------------------------------------------------------------------------
| Tool Version : Vivado v.2017.2 (lin64) Build 1909853 Thu Jun 15 18:39:10 MDT 2017
| Date         : Thu Dec 20 16:45:13 2018
| Host         : hummingbird.cis.nagasaki-u.ac.jp running 64-bit CentOS release 6.9 (Final)
| Command      : report_control_sets -verbose -file kc705sitcp_control_sets_placed.rpt
| Design       : kc705sitcp
| Device       : xc7k325t
--------------------------------------------------------------------------------------------

Control Set Information

Table of Contents
-----------------
1. Summary
2. Flip-Flop Distribution
3. Detailed Control Set Information

1. Summary
----------

+----------------------------------------------------------+-------+
|                          Status                          | Count |
+----------------------------------------------------------+-------+
| Number of unique control sets                            |   260 |
| Unused register locations in slices containing registers |   697 |
+----------------------------------------------------------+-------+


2. Flip-Flop Distribution
-------------------------

+--------------+-----------------------+------------------------+-----------------+--------------+
| Clock Enable | Synchronous Set/Reset | Asynchronous Set/Reset | Total Registers | Total Slices |
+--------------+-----------------------+------------------------+-----------------+--------------+
| No           | No                    | No                     |            1698 |          540 |
| No           | No                    | Yes                    |             457 |          148 |
| No           | Yes                   | No                     |             285 |           93 |
| Yes          | No                    | No                     |             983 |          281 |
| Yes          | No                    | Yes                    |             873 |          245 |
| Yes          | Yes                   | No                     |             327 |           98 |
+--------------+-----------------------+------------------------+-----------------+--------------+


3. Detailed Control Set Information
-----------------------------------

+------------------------+----------------------------------------------------------------------------------------------------------------------------+---------------------------------------------------------------------------------------------------+------------------+----------------+
|      Clock Signal      |                                                        Enable Signal                                                       |                                          Set/Reset Signal                                         | Slice Load Count | Bel Load Count |
+------------------------+----------------------------------------------------------------------------------------------------------------------------+---------------------------------------------------------------------------------------------------+------------------+----------------+
|  CLK_200M_BUFG         |                                                                                                                            | SW_N_IBUF                                                                                         |                1 |              1 |
|  CLK_200M_BUFG         |                                                                                                                            | fifo_generator_v11_0/U0/xst_fifo_generator/gconvfifo.rf/grf.rf/rstblk/grstd1.grst_full.rst_d2     |                1 |              1 |
|  CLK_200M_BUFG         |                                                                                                                            | fifo_generator_v11_0/U0/xst_fifo_generator/gconvfifo.rf/grf.rf/rstblk/wr_rst_comb                 |                1 |              1 |
|  CLK_200M_BUFG         |                                                                                                                            | SiTCP/SiTCP/SiTCP_INT/SiTCP_INT_CNTRL/muxWe_inv                                                   |                1 |              2 |
|  BUF_TX_CLK            |                                                                                                                            | SiTCP/SiTCP/GMII/GMII_TXCNT/_n0206                                                                |                1 |              2 |
|  CLK_200M_BUFG         |                                                                                                                            | SiTCP/SiTCP/SiTCP_INT/SiTCP_INT_CNTRL/muxRe_inv                                                   |                1 |              2 |
|  GMII_RX_CLK_IBUF_BUFG | SiTCP/SiTCP/GMII/GMII_RXCNT/typeLenLd                                                                                      |                                                                                                   |                1 |              2 |
|  CLK_200M_BUFG         |                                                                                                                            | SiTCP/SiTCP/SiTCP/UDP/UDP_LOC/procBusy_inv                                                        |                1 |              2 |
|  CLK_200M_BUFG         |                                                                                                                            | SiTCP/SiTCP/SiTCP/TCP/TCP_TXCNT/rcvdOkAck_inv                                                     |                1 |              2 |
|  CLK_200M_BUFG         |                                                                                                                            | fifo_generator_v11_0/U0/xst_fifo_generator/gconvfifo.rf/grf.rf/rstblk/rd_rst_comb                 |                1 |              2 |
|  CLK_200M_BUFG         |                                                                                                                            | SiTCP/SiTCP/SiTCP/TCP/TCP_TXCNT/muxHdValA_inv                                                     |                1 |              2 |
|  CLK_200M_BUFG         |                                                                                                                            | SiTCP/SiTCP/SiTCP/TCP/TCP_TXCNT/irMngrIdle_irMngrTxTrnsEnb_AND_356_o_inv                          |                1 |              2 |
|  CLK_200M_BUFG         |                                                                                                                            | SiTCP/SiTCP/GMII/GMII_TXBUF/irLay3WrVal_inv                                                       |                1 |              2 |
|  CLK_200M_BUFG         |                                                                                                                            | SiTCP/SiTCP/SiTCP/TCP/TCP_MNGR/winUpTimEnb_inv                                                    |                1 |              2 |
|  CLK_200M_BUFG         |                                                                                                                            | SiTCP/SiTCP/SiTCP/TCP/TCP_MNGR/irPreNrml_cmpPrmtr_AND_274_o_inv                                   |                1 |              2 |
|  CLK_200M_BUFG         |                                                                                                                            | SiTCP/SiTCP/SiTCP/ECIF_RX/ipExe_ipValInh_AND_198_o_inv                                            |                1 |              2 |
|  CLK_200M_BUFG         | SiTCP/SiTCP/SiTCP/TCP/TCP_PRE/tcpProcStartDly[3]                                                                           |                                                                                                   |                2 |              2 |
|  CLK_200M_BUFG         | SiTCP/SiTCP/SiTCP/TCP/TCP_PRE/tcpProcStartDly[2]                                                                           |                                                                                                   |                2 |              2 |
|  GMII_RX_CLK_IBUF_BUFG | SiTCP/SiTCP/GMII/GMII_RXCNT/muxTim                                                                                         | SiTCP/SiTCP/SiTCP_INT/SiTCP_RESET_OUT                                                             |                1 |              2 |
|  CLK_200M_BUFG         | SiTCP/SiTCP/SiTCP/ECIF_TX/irEcifSod                                                                                        | SiTCP/SiTCP/SiTCP/ECIF_TX/_n0387                                                                  |                1 |              2 |
|  CLK_200M_BUFG         | SiTCP/SiTCP/SiTCP/ECIF_TX/irEcifSod                                                                                        |                                                                                                   |                1 |              2 |
|  GMII_RX_CLK_IBUF_BUFG | SiTCP/SiTCP/GMII/GMII_RXCNT/_n0982_inv                                                                                     |                                                                                                   |                1 |              2 |
|  CLK_200M_BUFG         | SiTCP/SiTCP/BBT_SiTCP_RST/irTim1Sec                                                                                        | SiTCP/SiTCP/SiTCP_INT/SiTCP_INT_DMAC/state<1>_inv                                                 |                1 |              2 |
|  GMII_RX_CLK_IBUF_BUFG | SiTCP/SiTCP/GMII/GMII_RXCNT/arpTypeLd                                                                                      |                                                                                                   |                1 |              2 |
|  CLK_200M_BUFG         | SiTCP/SiTCP/BBT_SiTCP_RST/irTim1Sec                                                                                        | AT93C46_IIC/RST_EEPROM                                                                            |                1 |              2 |
|  CLK_200M_BUFG         | AT93C46_IIC/PCA9548_SW/IIC_CTL/IIC_CORE/ENB_SDA                                                                            | AT93C46_IIC/PCA9548_SW/IIC_CTL/IIC_CORE/AR[0]                                                     |                1 |              2 |
|  GMII_RX_CLK_IBUF_BUFG | SiTCP/SiTCP/GMII/GMII_RXCNT/ipPrtclLd                                                                                      |                                                                                                   |                1 |              2 |
|  CLK_200M_BUFG         |                                                                                                                            | SiTCP/SiTCP/SiTCP_INT/SiTCP_INT_REG/regWe_inv                                                     |                1 |              2 |
|  CLK_200M_BUFG         |                                                                                                                            | SiTCP/SiTCP/SiTCP_INT/SiTCP_INT_DMAC/irArbtrAck_inv                                               |                1 |              2 |
|  CLK_200M_BUFG         | AT93C46_IIC/PCA9548_SW/IIC_CTL/IIC_CORE/E[0]                                                                               | AT93C46_IIC/PCA9548_SW/IIC_CTL/IIC_CORE/ACK_BUF_reg_0[0]                                          |                1 |              3 |
|  CLK_200M_BUFG         | SiTCP/SiTCP/SiTCP/ECIF_RX/sofDly[0]                                                                                        |                                                                                                   |                1 |              3 |
|  CLK_200M_BUFG         | SiTCP/SiTCP/GMII/GMII_RXBUF/rdLenLdTim[1]                                                                                  |                                                                                                   |                1 |              3 |
|  CLK_200M_BUFG         | AT93C46_IIC/CMD_SK_reg_n_0_[0]                                                                                             | AT93C46_IIC/PCA9548_SW/IIC_CTL/IIC_CORE/ACK_BUF_reg_0[0]                                          |                1 |              3 |
|  CLK_200M_BUFG         | SiTCP/SiTCP/SiTCP/TCP/TCP_MNGR/mssOptVal[2]                                                                                | SiTCP/SiTCP/SiTCP/TCP/TCP_MNGR/_n0688                                                             |                1 |              3 |
|  CLK_200M_BUFG         |                                                                                                                            | SiTCP/SiTCP/SiTCP/TCP/TCP_PRE/irEcifTcpVal_inv                                                    |                1 |              3 |
|  CLK_200M_BUFG         | AT93C46_IIC/p_1_in9_in                                                                                                     | AT93C46_IIC/PCA9548_SW/IIC_CTL/IIC_CORE/ACK_BUF_reg_0[0]                                          |                1 |              3 |
|  CLK_200M_BUFG         |                                                                                                                            | SiTCP/SiTCP/SiTCP/UDP/UDP_PRE/udpExe_inv                                                          |                1 |              3 |
|  CLK_200M_BUFG         | SiTCP/SiTCP/SiTCP/TCP/TCP_MNGR/mssOptVal[3]                                                                                | SiTCP/SiTCP/SiTCP/TCP/TCP_MNGR/_n0692                                                             |                1 |              3 |
|  CLK_200M_BUFG         | SiTCP/SiTCP/SiTCP/TCP/TCP_MNGR/irTim1ms                                                                                    | SiTCP/SiTCP/SiTCP_INT/SiTCP_RESET_OUT                                                             |                1 |              3 |
|  CLK_200M_BUFG         | SiTCP/SiTCP/SiTCP/TCP/TCP_TXCNT/_n1936_inv                                                                                 |                                                                                                   |                1 |              3 |
|  CLK_200M_BUFG         | SiTCP/SiTCP/SiTCP/TCP/TCP_TXCNT/fillTimEnb                                                                                 | SiTCP/SiTCP/SiTCP/TCP/TCP_TXCNT/irEcifTxAck[1]_memFill_OR_303_o                                   |                1 |              3 |
|  CLK_200M_BUFG         |                                                                                                                            | SiTCP/SiTCP/SiTCP/ECIF_RX/myMacInsrtEnb_inv                                                       |                1 |              3 |
|  CLK_200M_BUFG         | SiTCP/SiTCP/SiTCP/UDP/UDP_LOC/irPreSoIp[2]                                                                                 |                                                                                                   |                1 |              3 |
|  GMII_RX_CLK_IBUF_BUFG | SiTCP/SiTCP/GMII/GMII_RXCNT/_n1003_inv                                                                                     | SiTCP/SiTCP/GMII/GMII_RXCNT/dlyRxSfd                                                              |                2 |              3 |
|  CLK_200M_BUFG         |                                                                                                                            | fifo_generator_v11_0/U0/xst_fifo_generator/gconvfifo.rf/grf.rf/rstblk/ngwrdrst.grst.rd_rst_reg[2] |                1 |              3 |
|  CLK_200M_BUFG         |                                                                                                                            | SiTCP/SiTCP/SiTCP_INT/SiTCP_INT_REG/CNTRL_RE_inv                                                  |                1 |              4 |
|  CLK_200M_BUFG         | AT93C46_IIC/PCA9548_SW/IIC_CTL/IIC_CORE/IIC_RDT_OUT[7]_i_1_n_0                                                             | AT93C46_IIC/PCA9548_SW/IIC_CTL/IIC_CORE/ACK_BUF_reg_0[0]                                          |                2 |              4 |
|  CLK_200M_BUFG         | SiTCP/SiTCP/SiTCP/TCP/TCP_PRE/tcpProcStartDly[13]                                                                          |                                                                                                   |                1 |              4 |
|  CLK_200M_BUFG         | AT93C46_IIC/PCA9548_SW/IIC_CTL/IIC_CORE/IIC_RDT_OUT[7]_i_1_n_0                                                             | AT93C46_IIC/PCA9548_SW/IIC_CTL/IIC_CORE/AR[1]                                                     |                1 |              4 |
|  GMII_RX_CLK_IBUF_BUFG | SiTCP/SiTCP/GMII/GMII_RXCNT/dlyRxPrlTim                                                                                    | SiTCP/SiTCP/SiTCP_INT/SiTCP_RESET_OUT                                                             |                2 |              4 |
|  CLK_200M_BUFG         | AT93C46_IIC/PCA9548_SW/IIC_CTL/IIC_BSY_OUT5                                                                                |                                                                                                   |                1 |              4 |
|  CLK_200M_BUFG         | AT93C46_IIC/CMD_SK_reg_n_0_[0]                                                                                             | AT93C46_IIC/PCA9548_SW/IIC_CTL/IIC_CORE/AR[1]                                                     |                1 |              4 |
|  CLK_200M_BUFG         | AT93C46_IIC/WBK_END3                                                                                                       | AT93C46_IIC/PCA9548_SW/IIC_CTL/IIC_CORE/ACK_BUF_reg_0[0]                                          |                1 |              4 |
|  CLK_200M_BUFG         |                                                                                                                            | SiTCP/SiTCP/SiTCP/TCP/TXCNT_IDLE                                                                  |                4 |              4 |
|  CLK_200M_BUFG         | AT93C46_IIC/p_1_in33_in                                                                                                    | AT93C46_IIC/PCA9548_SW/IIC_CTL/IIC_CORE/ACK_BUF_reg_0[0]                                          |                1 |              4 |
|  CLK_200M_BUFG         | AT93C46_IIC/p_1_in33_in                                                                                                    | AT93C46_IIC/PCA9548_SW/IIC_CTL/IIC_CORE/AR[1]                                                     |                2 |              4 |
|  CLK_200M_BUFG         | SiTCP/SiTCP/SiTCP/ECIF_TX/irEcifSoIpHd                                                                                     |                                                                                                   |                1 |              4 |
|  CLK_200M_BUFG         |                                                                                                                            | SiTCP/SiTCP/SiTCP/TCP/TCP_TXCNT/irEcifTxAck<0>_inv                                                |                1 |              4 |
|  CLK_200M_BUFG         | SiTCP/SiTCP/SiTCP/TCP/TCP_PRE/orCmpEnb                                                                                     | SiTCP/SiTCP/SiTCP/TCP/TCP_PRE/_n0358                                                              |                1 |              4 |
|  CLK_200M_BUFG         | SiTCP/SiTCP/SiTCP/TCP/TCP_PRE/tcpHdLenLd                                                                                   |                                                                                                   |                1 |              4 |
|  CLK_200M_BUFG         | SiTCP/SiTCP/SiTCP/UDP/UDP_LOC/verOk                                                                                        |                                                                                                   |                2 |              4 |
|  CLK_200M_BUFG         |                                                                                                                            | SiTCP/SiTCP/SiTCP/ECIF_RX/ipDlyTimEnb_inv                                                         |                2 |              4 |
|  CLK_200M_BUFG         | AT93C46_IIC/p_1_in9_in                                                                                                     | AT93C46_IIC/PCA9548_SW/IIC_CTL/IIC_CORE/AR[1]                                                     |                1 |              5 |
|  CLK_200M_BUFG         | SiTCP/SiTCP/SiTCP/ECIF_RX/MAC_RX_VAL_dummy_VAL_OR_159_o                                                                    | SiTCP/SiTCP/SiTCP/ECIF_RX/_n0681                                                                  |                2 |              5 |
|  CLK_200M_BUFG         | SiTCP/SiTCP/SiTCP/TCP/TCP_MNGR/initDataSel<4>_inv                                                                          | SiTCP/SiTCP/SiTCP/TCP/TCP_MNGR/clntModeInit_inv                                                   |                2 |              5 |
|  CLK_200M_BUFG         | SiTCP/SiTCP/SiTCP/TCP/TCP_MNGR/irTim1ms                                                                                    | SiTCP/SiTCP/BBT_SiTCP_RST/resetReq[1]                                                             |                2 |              5 |
|  CLK_200M_BUFG         | AT93C46_IIC/PCA9548_SW/IIC_CTL/IIC_CORE/E[0]                                                                               | AT93C46_IIC/PCA9548_SW/IIC_CTL/IIC_CORE/AR[1]                                                     |                1 |              5 |
|  CLK_200M_BUFG         | SiTCP/SiTCP/SiTCP/TCP/TCP_TXCNT/irEcifTxAck<1>_inv                                                                         |                                                                                                   |                2 |              5 |
|  CLK_200M_BUFG         |                                                                                                                            | SiTCP/SiTCP/SiTCP/ECIF_RX/ipExe_inv                                                               |                2 |              5 |
|  CLK_200M_BUFG         |                                                                                                                            | SiTCP/SiTCP/SiTCP/UDP/UDP_LOC/irPreVal_inv                                                        |                1 |              5 |
|  CLK_200M_BUFG         | SiTCP/SiTCP/SiTCP/TCP/TCP_MNGR/mssOptVal[3]                                                                                |                                                                                                   |                1 |              5 |
|  CLK_200M_BUFG         |                                                                                                                            | SiTCP/SiTCP/SiTCP/ECIF_RX/gateRv_inv                                                              |                2 |              5 |
|  CLK_200M_BUFG         |                                                                                                                            | SiTCP/SiTCP/SiTCP/UDP/UDP_LOC/prmtrWr_inv                                                         |                2 |              5 |
|  CLK_200M_BUFG         | SiTCP/SiTCP/SiTCP/TCP/TCP_MNGR/mssOptVal[2]                                                                                |                                                                                                   |                1 |              5 |
|  CLK_200M_BUFG         |                                                                                                                            | SiTCP/SiTCP/SiTCP/TCP/TCP_PRE/tcpExe_inv                                                          |                2 |              6 |
|  GMII_RX_CLK_IBUF_BUFG | SiTCP/SiTCP/GMII/GMII_RXCNT/_n0953_inv                                                                                     | SiTCP/SiTCP/SiTCP_INT/SiTCP_RESET_OUT                                                             |                2 |              6 |
|  GMII_RX_CLK_IBUF_BUFG |                                                                                                                            | SiTCP/SiTCP/SiTCP_INT/SiTCP_RESET_OUT                                                             |                5 |              7 |
|  CLK_200M_BUFG         |                                                                                                                            | SiTCP/SiTCP/SiTCP/TCP/TCP_TXCNT/hdCuntClr                                                         |                2 |              7 |
|  CLK_200M_BUFG         |                                                                                                                            | SiTCP/SiTCP/SiTCP_INT/SiTCP_INT_CNTRL/muxAddr[7]                                                  |                1 |              7 |
|  CLK_200M_BUFG         | AT93C46_IIC/PCA9548_SW/IIC_CTL/IIC_BSY_OUT5                                                                                | AT93C46_IIC/PCA9548_SW/IIC_CTL/CORE_NUM[6]_i_1_n_0                                                |                2 |              7 |
|  GMII_RX_CLK_IBUF_BUFG | RX_CNT[6]_i_1_n_0                                                                                                          | CNT_RST                                                                                           |                2 |              7 |
|  CLK_200M_BUFG         | SiTCP/SiTCP/SiTCP_INT/SiTCP_INT_REG/_n1210_inv                                                                             | SiTCP/SiTCP/BBT_SiTCP_RST/resetReq[1]                                                             |                1 |              8 |
|  CLK_200M_BUFG         | SiTCP/SiTCP/SiTCP/TCP/TCP_PRE/tcpProcStartDly[5]                                                                           |                                                                                                   |                1 |              8 |
|  CLK_200M_BUFG         | SiTCP/SiTCP/SiTCP_INT/SiTCP_INT_REG/_n1194_inv                                                                             | SiTCP/SiTCP/BBT_SiTCP_RST/resetReq[1]                                                             |                1 |              8 |
|  CLK_200M_BUFG         | SiTCP/SiTCP/SiTCP_INT/SiTCP_INT_REG/_n1198_inv                                                                             | SiTCP/SiTCP/BBT_SiTCP_RST/resetReq[1]                                                             |                1 |              8 |
|  CLK_200M_BUFG         | SiTCP/SiTCP/SiTCP_INT/SiTCP_INT_REG/_n1202_inv                                                                             | SiTCP/SiTCP/BBT_SiTCP_RST/resetReq[1]                                                             |                1 |              8 |
|  CLK_200M_BUFG         | SiTCP/SiTCP/SiTCP_INT/SiTCP_INT_REG/_n1206_inv                                                                             | SiTCP/SiTCP/BBT_SiTCP_RST/resetReq[1]                                                             |                2 |              8 |
|  CLK_200M_BUFG         | SiTCP/SiTCP/SiTCP/UDP/UDP_LOC/rcvdAddrLd[2]                                                                                |                                                                                                   |                2 |              8 |
|  CLK_200M_BUFG         | SiTCP/SiTCP/SiTCP_INT/SiTCP_INT_REG/_n1214_inv                                                                             | SiTCP/SiTCP/BBT_SiTCP_RST/resetReq[1]                                                             |                2 |              8 |
|  CLK_200M_BUFG         | SiTCP/SiTCP/SiTCP_INT/SiTCP_INT_REG/_n1218_inv                                                                             | SiTCP/SiTCP/BBT_SiTCP_RST/resetReq[1]                                                             |                2 |              8 |
|  CLK_200M_BUFG         | SiTCP/SiTCP/SiTCP_INT/SiTCP_INT_REG/_n1222_inv                                                                             | SiTCP/SiTCP/BBT_SiTCP_RST/resetReq[1]                                                             |                2 |              8 |
|  CLK_200M_BUFG         | SiTCP/SiTCP/SiTCP_INT/SiTCP_INT_REG/_n1226_inv                                                                             | SiTCP/SiTCP/BBT_SiTCP_RST/resetReq[1]                                                             |                1 |              8 |
|  CLK_200M_BUFG         | SiTCP/SiTCP/SiTCP_INT/SiTCP_INT_REG/_n1230_inv                                                                             | SiTCP/SiTCP/BBT_SiTCP_RST/resetReq[1]                                                             |                1 |              8 |
|  CLK_200M_BUFG         | SiTCP/SiTCP/SiTCP/UDP/UDP_LOC/rcvdAddrLd[3]                                                                                |                                                                                                   |                2 |              8 |
|  CLK_200M_BUFG         | SiTCP/SiTCP/SiTCP_INT/SiTCP_INT_REG/_n1242_inv                                                                             | SiTCP/SiTCP/BBT_SiTCP_RST/resetReq[1]                                                             |                3 |              8 |
|  CLK_200M_BUFG         | SiTCP/SiTCP/SiTCP_INT/SiTCP_INT_REG/_n1190_inv                                                                             | SiTCP/SiTCP/BBT_SiTCP_RST/resetReq[1]                                                             |                1 |              8 |
|  CLK_200M_BUFG         | SiTCP/SiTCP/SiTCP/TCP/TCP_PRE/tcpProcStartDly[4]                                                                           |                                                                                                   |                1 |              8 |
|  CLK_200M_BUFG         | SiTCP/SiTCP/SiTCP_INT/SiTCP_INT_REG/_n1186_inv                                                                             | SiTCP/SiTCP/BBT_SiTCP_RST/resetReq[1]                                                             |                1 |              8 |
|  CLK_200M_BUFG         | SiTCP/SiTCP/SiTCP_INT/SiTCP_INT_REG/_n1182_inv                                                                             | SiTCP/SiTCP/BBT_SiTCP_RST/resetReq[1]                                                             |                2 |              8 |
|  CLK_200M_BUFG         | SiTCP/SiTCP/SiTCP_INT/SiTCP_INT_REG/_n1178_inv                                                                             | SiTCP/SiTCP/BBT_SiTCP_RST/resetReq[1]                                                             |                1 |              8 |
|  CLK_200M_BUFG         | SiTCP/SiTCP/SiTCP_INT/SiTCP_INT_REG/_n1174_inv                                                                             | SiTCP/SiTCP/BBT_SiTCP_RST/resetReq[1]                                                             |                2 |              8 |
|  CLK_200M_BUFG         | SiTCP/SiTCP/SiTCP_INT/SiTCP_INT_REG/_n1162_inv                                                                             | SiTCP/SiTCP/BBT_SiTCP_RST/resetReq[1]                                                             |                1 |              8 |
|  CLK_200M_BUFG         | SiTCP/SiTCP/SiTCP_INT/SiTCP_INT_CNTRL/orDmacAck                                                                            |                                                                                                   |                1 |              8 |
|  CLK_200M_BUFG         | SiTCP/SiTCP/SiTCP_INT/SiTCP_INT_CNTRL/_n0202_inv                                                                           | SiTCP/SiTCP/SiTCP_INT/SiTCP_INT_CNTRL/busTimClr                                                   |                2 |              8 |
|  CLK_200M_BUFG         | SiTCP/SiTCP/SiTCP_INT/MII_MIF/_n0268_inv                                                                                   |                                                                                                   |                1 |              8 |
|  CLK_200M_BUFG         | SiTCP/SiTCP/SiTCP_INT/AT93C46IF/orRdVal                                                                                    |                                                                                                   |                1 |              8 |
|  CLK_200M_BUFG         | SiTCP/SiTCP/SiTCP_INT/AT93C46IF/opEnd                                                                                      |                                                                                                   |                1 |              8 |
|  CLK_200M_BUFG         | SiTCP/SiTCP/SiTCP_INT/AT93C46IF/_n0146_inv                                                                                 |                                                                                                   |                1 |              8 |
|  CLK_200M_BUFG         | SiTCP/SiTCP/SiTCP/UDP/UDP_LOC/irBusAck                                                                                     | SiTCP/SiTCP/SiTCP/UDP/UDP_LOC/procBusy_inv                                                        |                2 |              8 |
|  CLK_200M_BUFG         | SiTCP/SiTCP/SiTCP/UDP/UDP_LOC/idLd                                                                                         |                                                                                                   |                2 |              8 |
|  GMII_RX_CLK_IBUF_BUFG |                                                                                                                            | SiTCP/SiTCP/GMII/GMII_RXCNT/rxSfd                                                                 |                3 |              8 |
|  CLK_200M_BUFG         | SiTCP/SiTCP/SiTCP_INT/SiTCP_INT_REG/_n1310_inv                                                                             | SiTCP/SiTCP/BBT_SiTCP_RST/resetReq[1]                                                             |                3 |              8 |
|  CLK_200M_BUFG         | SiTCP/SiTCP/SiTCP_INT/SiTCP_INT_REG/_n1350_inv                                                                             | SiTCP/SiTCP/BBT_SiTCP_RST/resetReq[1]                                                             |                2 |              8 |
|  CLK_200M_BUFG         | SiTCP/SiTCP/SiTCP/UDP/UDP_LOC/rcvdAddrLd[0]                                                                                |                                                                                                   |                2 |              8 |
|  CLK_200M_BUFG         | SiTCP/SiTCP/SiTCP_INT/SiTCP_INT_REG/_n1346_inv                                                                             | SiTCP/SiTCP/BBT_SiTCP_RST/resetReq[1]                                                             |                1 |              8 |
|  CLK_200M_BUFG         | SiTCP/SiTCP/SiTCP_INT/SiTCP_INT_REG/_n1342_inv                                                                             | SiTCP/SiTCP/BBT_SiTCP_RST/resetReq[1]                                                             |                4 |              8 |
|  CLK_200M_BUFG         | SiTCP/SiTCP/SiTCP/TCP/TCP_PRE/tcpProcStartDly[11]                                                                          |                                                                                                   |                1 |              8 |
|  CLK_200M_BUFG         | SiTCP/SiTCP/SiTCP/TCP/TCP_PRE/tcpProcStartDly[14]                                                                          |                                                                                                   |                2 |              8 |
|  CLK_200M_BUFG         | SiTCP/SiTCP/SiTCP_INT/SiTCP_INT_REG/_n1302_inv                                                                             | SiTCP/SiTCP/BBT_SiTCP_RST/resetReq[1]                                                             |                1 |              8 |
|  CLK_200M_BUFG         | SiTCP/SiTCP/SiTCP_INT/SiTCP_INT_REG/_n1306_inv                                                                             | SiTCP/SiTCP/BBT_SiTCP_RST/resetReq[1]                                                             |                2 |              8 |
|  CLK_200M_BUFG         | SiTCP/SiTCP/SiTCP/TCP/TCP_PRE/tcpProcStartDly[10]                                                                          |                                                                                                   |                2 |              8 |
|  CLK_200M_BUFG         | SiTCP/SiTCP/SiTCP_INT/SiTCP_INT_REG/_n1314_inv                                                                             | SiTCP/SiTCP/BBT_SiTCP_RST/resetReq[1]                                                             |                3 |              8 |
|  CLK_200M_BUFG         | SiTCP/SiTCP/SiTCP/UDP/UDP_LOC/memRv[1]                                                                                     | SiTCP/SiTCP/SiTCP_INT/SiTCP_RESET_OUT                                                             |                1 |              8 |
|  CLK_200M_BUFG         | SiTCP/SiTCP/SiTCP_INT/SiTCP_INT_REG/_n1318_inv                                                                             | SiTCP/SiTCP/BBT_SiTCP_RST/resetReq[1]                                                             |                1 |              8 |
|  CLK_200M_BUFG         | SiTCP/SiTCP/SiTCP_INT/SiTCP_INT_REG/_n1322_inv                                                                             | SiTCP/SiTCP/BBT_SiTCP_RST/resetReq[1]                                                             |                1 |              8 |
|  CLK_200M_BUFG         | SiTCP/SiTCP/SiTCP_INT/SiTCP_INT_REG/_n1326_inv                                                                             | SiTCP/SiTCP/BBT_SiTCP_RST/resetReq[1]                                                             |                3 |              8 |
|  CLK_200M_BUFG         | SiTCP/SiTCP/SiTCP_INT/SiTCP_INT_REG/_n1330_inv                                                                             | SiTCP/SiTCP/BBT_SiTCP_RST/resetReq[1]                                                             |                3 |              8 |
|  CLK_200M_BUFG         | SiTCP/SiTCP/SiTCP_INT/SiTCP_INT_REG/_n1338_inv                                                                             | SiTCP/SiTCP/BBT_SiTCP_RST/resetReq[1]                                                             |                1 |              8 |
|  CLK_200M_BUFG         | SiTCP/SiTCP/SiTCP_INT/SiTCP_INT_REG/_n1334_inv                                                                             | SiTCP/SiTCP/BBT_SiTCP_RST/resetReq[1]                                                             |                2 |              8 |
|  CLK_200M_BUFG         | SiTCP/SiTCP/SiTCP_INT/SiTCP_INT_REG/_n1282_inv                                                                             | SiTCP/SiTCP/BBT_SiTCP_RST/resetReq[1]                                                             |                3 |              8 |
|  CLK_200M_BUFG         | SiTCP/SiTCP/SiTCP_INT/SiTCP_INT_REG/_n1234_inv                                                                             | SiTCP/SiTCP/BBT_SiTCP_RST/resetReq[1]                                                             |                1 |              8 |
|  CLK_200M_BUFG         | SiTCP/SiTCP/SiTCP_INT/SiTCP_INT_REG/_n1238_inv                                                                             | SiTCP/SiTCP/BBT_SiTCP_RST/resetReq[1]                                                             |                1 |              8 |
|  CLK_200M_BUFG         | SiTCP/SiTCP/SiTCP/TCP/TCP_PRE/tcpProcStartDly[15]                                                                          |                                                                                                   |                1 |              8 |
|  CLK_200M_BUFG         | SiTCP/SiTCP/SiTCP_INT/SiTCP_INT_REG/_n1254_inv                                                                             | SiTCP/SiTCP/BBT_SiTCP_RST/resetReq[1]                                                             |                3 |              8 |
|  CLK_200M_BUFG         | SiTCP/SiTCP/SiTCP_INT/SiTCP_INT_REG/_n1262_inv                                                                             | SiTCP/SiTCP/BBT_SiTCP_RST/resetReq[1]                                                             |                5 |              8 |
|  CLK_200M_BUFG         | SiTCP/SiTCP/SiTCP_INT/SiTCP_INT_REG/_n1270_inv                                                                             | SiTCP/SiTCP/BBT_SiTCP_RST/resetReq[1]                                                             |                3 |              8 |
|  CLK_200M_BUFG         | SiTCP/SiTCP/SiTCP_INT/SiTCP_INT_REG/_n1274_inv                                                                             | SiTCP/SiTCP/BBT_SiTCP_RST/resetReq[1]                                                             |                2 |              8 |
|  CLK_200M_BUFG         | SiTCP/SiTCP/SiTCP_INT/SiTCP_INT_REG/_n1278_inv                                                                             | SiTCP/SiTCP/BBT_SiTCP_RST/resetReq[1]                                                             |                1 |              8 |
|  CLK_200M_BUFG         | SiTCP/SiTCP/SiTCP/TCP/TCP_PRE/tcpProcStartDly[6]                                                                           |                                                                                                   |                1 |              8 |
|  CLK_200M_BUFG         | SiTCP/SiTCP/SiTCP_INT/SiTCP_INT_REG/_n1286_inv                                                                             | SiTCP/SiTCP/BBT_SiTCP_RST/resetReq[1]                                                             |                2 |              8 |
|  CLK_200M_BUFG         | SiTCP/SiTCP/SiTCP/TCP/TCP_PRE/tcpProcStartDly[9]                                                                           |                                                                                                   |                1 |              8 |
|  CLK_200M_BUFG         | SiTCP/SiTCP/SiTCP/UDP/UDP_LOC/rcvdAddrLd[1]                                                                                |                                                                                                   |                1 |              8 |
|  CLK_200M_BUFG         | SiTCP/SiTCP/SiTCP/TCP/TCP_PRE/tcpProcStartDly[7]                                                                           |                                                                                                   |                1 |              8 |
|  CLK_200M_BUFG         | SiTCP/SiTCP/SiTCP/TCP/TCP_PRE/tcpProcStartDly[8]                                                                           |                                                                                                   |                2 |              8 |
|  CLK_200M_BUFG         | SiTCP/SiTCP/SiTCP_INT/SiTCP_INT_REG/_n1290_inv                                                                             | SiTCP/SiTCP/BBT_SiTCP_RST/resetReq[1]                                                             |                4 |              8 |
|  CLK_200M_BUFG         | SiTCP/SiTCP/SiTCP_INT/SiTCP_INT_REG/_n1294_inv                                                                             | SiTCP/SiTCP/BBT_SiTCP_RST/resetReq[1]                                                             |                1 |              8 |
|  CLK_200M_BUFG         | SiTCP/SiTCP/SiTCP_INT/SiTCP_INT_REG/_n1298_inv                                                                             | SiTCP/SiTCP/BBT_SiTCP_RST/resetReq[1]                                                             |                2 |              8 |
|  CLK_200M_BUFG         | SiTCP/SiTCP/SiTCP/TCP/TCP_MNGR/cmpMemWr                                                                                    |                                                                                                   |                2 |              8 |
|  CLK_200M_BUFG         | SiTCP/SiTCP/SiTCP/TCP/TCP_TXCNT/_n1493_inv                                                                                 |                                                                                                   |                4 |              8 |
|  CLK_200M_BUFG         | SiTCP/SiTCP/SiTCP/TCP/TCP_TXCNT/_n1445_inv                                                                                 |                                                                                                   |                4 |              8 |
|  CLK_200M_BUFG         | SiTCP/SiTCP/SiTCP/TCP/TCP_TXCNT/_n1541_inv                                                                                 |                                                                                                   |                2 |              8 |
|  CLK_200M_BUFG         | SiTCP/SiTCP/SiTCP/TCP/TCP_TXCNT/_n1397_inv                                                                                 |                                                                                                   |                3 |              8 |
|  CLK_200M_BUFG         | SiTCP/SiTCP/SiTCP/TCP/TCP_TXCNT/_n1349_inv                                                                                 |                                                                                                   |                4 |              8 |
|  CLK_200M_BUFG         | SiTCP/SiTCP/SiTCP/TCP/TCP_TXCNT/_n1301_inv                                                                                 |                                                                                                   |                5 |              8 |
|  CLK_200M_BUFG         | SiTCP/SiTCP/SiTCP/TCP/TCP_TXCNT/_n1589_inv                                                                                 |                                                                                                   |                2 |              8 |
|  CLK_200M_BUFG         | SiTCP/SiTCP/SiTCP/TCP/TCP_TXCNT/_n1253_inv                                                                                 |                                                                                                   |                8 |              8 |
|  CLK_200M_BUFG         | SiTCP/SiTCP/SiTCP/TCP/TCP_TXCNT/_n1637_inv                                                                                 |                                                                                                   |                3 |              8 |
|  CLK_200M_BUFG         | SiTCP/SiTCP/SiTCP/TCP/TCP_TXCNT/_n1685_inv                                                                                 |                                                                                                   |                3 |              8 |
|  CLK_200M_BUFG         | SiTCP/SiTCP/SiTCP/TCP/TCP_TXCNT/_n1733_inv                                                                                 |                                                                                                   |                2 |              8 |
|  CLK_200M_BUFG         | SiTCP/SiTCP/SiTCP/TCP/TCP_TXCNT/_n1781_inv                                                                                 |                                                                                                   |                3 |              8 |
|  CLK_200M_BUFG         | SiTCP/SiTCP/SiTCP/TCP/TCP_TXCNT/_n1829_inv                                                                                 |                                                                                                   |                2 |              8 |
|  CLK_200M_BUFG         | SiTCP/SiTCP/SiTCP/TCP/TCP_TXCNT/_n1877_inv                                                                                 |                                                                                                   |                4 |              8 |
|  CLK_200M_BUFG         | AT93C46_IIC/OUT_SFT[7]_i_1_n_0                                                                                             | AT93C46_IIC/PCA9548_SW/IIC_CTL/IIC_CORE/AR[1]                                                     |                2 |              8 |
|  CLK_200M_BUFG         | AT93C46_IIC/MEM_RVL_reg_n_0_[0]                                                                                            | AT93C46_IIC/PCA9548_SW/IIC_CTL/IIC_CORE/AR[1]                                                     |                1 |              8 |
|  CLK_200M_BUFG         |                                                                                                                            | SiTCP/SiTCP/SiTCP/ECIF_TX/ipHdEndDly[1]_reduce_or_58_o                                            |                4 |              8 |
|  CLK_200M_BUFG         | SiTCP/SiTCP/SiTCP/UDP/UDP_LOC/procLenEnb                                                                                   |                                                                                                   |                3 |              9 |
|  CLK_200M_BUFG         | SiTCP/SiTCP/SiTCP/UDP/UDP_LOC/lngthLd                                                                                      |                                                                                                   |                3 |              9 |
|  CLK_200M_BUFG         |                                                                                                                            | SiTCP/SiTCP/SiTCP_INT/SiTCP_INT_CNTRL/orDmacArbtAck_inv                                           |                2 |              9 |
|  GMII_RX_CLK_IBUF_BUFG | SiTCP/SiTCP/GMII/GMII_RXCNT/dlyRxPrlVal                                                                                    |                                                                                                   |                4 |              9 |
|  CLK_200M_BUFG         |                                                                                                                            | SiTCP/SiTCP/SiTCP_INT/SiTCP_INT_CNTRL/orIbusArbtAck_inv                                           |                2 |              9 |
|  CLK_200M_BUFG         |                                                                                                                            | SiTCP/SiTCP/SiTCP/ECIF_RX/irTxEcifAck[2]_subPckBufCry_OR_185_o                                    |                2 |              9 |
|  CLK_200M_BUFG         |                                                                                                                            | AT93C46_IIC/RST_EEPROM                                                                            |                3 |              9 |
|  CLK_200M_BUFG         | SiTCP/SiTCP/SiTCP_INT/MII_MIF/shftTim                                                                                      | SiTCP/SiTCP/SiTCP_INT/MII_MIF/irRe_irWeSum_OR_441_o                                               |                4 |             10 |
|  CLK_200M_BUFG         |                                                                                                                            | SiTCP/SiTCP/SiTCP/TCP/TCP_MNGR/tcpRst                                                             |                3 |             10 |
|  CLK_200M_BUFG         | AT93C46_IIC/PCA9548_SW/IIC_CTL/IIC_CORE/ENB_SDA                                                                            | AT93C46_IIC/PCA9548_SW/IIC_CTL/IIC_CORE/AR[1]                                                     |                3 |             10 |
|  CLK_200M_BUFG         |                                                                                                                            | SiTCP/SiTCP/SiTCP/UDP/UDP_LOC/irEcifTxEnb_inv                                                     |                2 |             10 |
|  CLK_200M_BUFG         | SiTCP/SiTCP/SiTCP_INT/MII_MIF/_n0265_inv                                                                                   | SiTCP/SiTCP/SiTCP_INT/SiTCP_RESET_OUT                                                             |                3 |             10 |
|  CLK_200M_BUFG         |                                                                                                                            | SiTCP/SiTCP/SiTCP/UDP/UDP_LOC/txMemRe_inv                                                         |                3 |             11 |
|  CLK_200M_BUFG         | SiTCP/SiTCP/SiTCP/ECIF_RX/pckBufWe                                                                                         | SiTCP/SiTCP/SiTCP/ECIF_RX/pckBufBusy_inv                                                          |                3 |             11 |
|  BUF_TX_CLK            | SiTCP/SiTCP/GMII/GMII_TXCNT/memRe                                                                                          | SiTCP/SiTCP/GMII/GMII_TXCNT/rdReq_inv                                                             |                3 |             11 |
|  CLK_200M_BUFG         |                                                                                                                            | SiTCP/SiTCP/SiTCP/ECIF_RX/irTxEcifAck<0>_inv                                                      |                3 |             11 |
|  BUF_TX_CLK            | SiTCP/SiTCP/GMII/GMII_TXBUF/orVal                                                                                          | SiTCP/SiTCP/SiTCP_INT/SiTCP_RESET_OUT                                                             |                3 |             11 |
|  CLK_200M_BUFG         | SiTCP/SiTCP/GMII/GMII_TXBUF/irLay3WrVal                                                                                    | SiTCP/SiTCP/GMII/GMII_TXBUF/_n0734                                                                |                3 |             11 |
|  BUF_TX_CLK            | SiTCP/SiTCP/GMII/GMII_TXBUF/muxSof                                                                                         | SiTCP/SiTCP/SiTCP_INT/SiTCP_RESET_OUT                                                             |                4 |             11 |
|  BUF_TX_CLK            |                                                                                                                            | SiTCP/SiTCP/GMII/GMII_TXBUF/runtDet                                                               |                2 |             11 |
|  CLK_200M_BUFG         |                                                                                                                            | SiTCP/SiTCP/SiTCP/TCP/TCP_TXCNT/payTxEnb_inv                                                      |                4 |             11 |
|  CLK_200M_BUFG         | SiTCP/SiTCP/GMII/GMII_TXBUF/_n0747_inv                                                                                     | SiTCP/SiTCP/SiTCP_INT/SiTCP_RESET_OUT                                                             |                3 |             11 |
|  CLK_200M_BUFG         | SiTCP/TIMER/usCry                                                                                                          | AT93C46_IIC/RST_EEPROM                                                                            |                3 |             11 |
|  CLK_200M_BUFG         | SiTCP/SiTCP/GMII/GMII_TXBUF/_n0743_inv                                                                                     | SiTCP/SiTCP/SiTCP_INT/SiTCP_RESET_OUT                                                             |                2 |             11 |
|  CLK_200M_BUFG         | SiTCP/SiTCP/SiTCP/UDP/UDP_LOC/procMaEnb                                                                                    |                                                                                                   |                3 |             11 |
|  CLK_200M_BUFG         | SiTCP/SiTCP/SiTCP/TCP/TCP_TXCNT/hdByteCunt[3]                                                                              | SiTCP/SiTCP/SiTCP/TCP/TCP_TXCNT/_n1240                                                            |                3 |             11 |
|  CLK_200M_BUFG         | SiTCP/TIMER/sTim0                                                                                                          | AT93C46_IIC/RST_EEPROM                                                                            |                3 |             11 |
|  CLK_200M_BUFG         | SiTCP/SiTCP/GMII/GMII_RXBUF/rdAddrEnbDly[1]                                                                                | SiTCP/SiTCP/SiTCP_INT/SiTCP_RESET_OUT                                                             |                3 |             11 |
|  CLK_200M_BUFG         | AT93C46_IIC/WBK_END3                                                                                                       | AT93C46_IIC/PCA9548_SW/IIC_CTL/IIC_CORE/AR[1]                                                     |                4 |             12 |
|  CLK_200M_BUFG         | fifo_generator_v11_0/U0/xst_fifo_generator/gconvfifo.rf/grf.rf/gntv_or_sync_fifo.gl0.rd/grss.gdc.dc/cntr_en                | fifo_generator_v11_0/U0/xst_fifo_generator/gconvfifo.rf/grf.rf/rstblk/ngwrdrst.grst.rd_rst_reg[2] |                3 |             12 |
|  CLK_200M_BUFG         | SiTCP/SiTCP/GMII/GMII_RXBUF/rdAddrEnb                                                                                      | SiTCP/SiTCP/SiTCP_INT/SiTCP_RESET_OUT                                                             |                3 |             12 |
|  CLK_200M_BUFG         |                                                                                                                            | SiTCP/SiTCP/SiTCP/UDP/UDP_LOC/rcvdWe_inv                                                          |                4 |             12 |
|  GMII_RX_CLK_IBUF_BUFG | SiTCP/SiTCP/GMII/GMII_RXCNT/muxTim                                                                                         |                                                                                                   |                2 |             12 |
|  GMII_RX_CLK_IBUF_BUFG | SiTCP/SiTCP/GMII/GMII_RXCNT/dlyRxPrlTim                                                                                    |                                                                                                   |                4 |             12 |
|  GMII_RX_CLK_IBUF_BUFG | SiTCP/SiTCP/GMII/GMII_RXBUF/wrNrmlEnd                                                                                      | SiTCP/SiTCP/SiTCP_INT/SiTCP_RESET_OUT                                                             |                3 |             12 |
|  GMII_RX_CLK_IBUF_BUFG | SiTCP/SiTCP/GMII/GMII_RXBUF/lastWe                                                                                         | SiTCP/SiTCP/SiTCP_INT/SiTCP_RESET_OUT                                                             |                7 |             12 |
|  CLK_200M_BUFG         |                                                                                                                            | SiTCP/SiTCP/SiTCP/TCP/TCP_TXCNT/memRdBusy_inv                                                     |                4 |             13 |
|  CLK_200M_BUFG         |                                                                                                                            | AT93C46_IIC/PCA9548_SW/IIC_CTL/IIC_CORE/AR[0]                                                     |                5 |             13 |
|  CLK_200M_BUFG         | SiTCP/SiTCP/SiTCP/ECIF_TX/lay4ChkVal                                                                                       |                                                                                                   |                6 |             14 |
|  GMII_RX_CLK_IBUF_BUFG | SiTCP/SiTCP/GMII/GMII_RXCNT/rxVal                                                                                          | SiTCP/SiTCP/GMII/GMII_RXCNT/rxSfd                                                                 |                5 |             14 |
|  CLK_200M_BUFG         | SiTCP/SiTCP/SiTCP/UDP/UDP_LOC/irPreSoIp[3]                                                                                 |                                                                                                   |                3 |             14 |
|  CLK_200M_BUFG         | AT93C46_IIC/PCA9548_SW/IIC_CTL/IIC_CORE/ENB_SDA                                                                            | AT93C46_IIC/PCA9548_SW/IIC_CTL/IIC_CORE/EXE_READ_reg_0                                            |                5 |             15 |
|  CLK_200M_BUFG         | SiTCP/SiTCP/SiTCP/ECIF_TX/ipHdTim[3]                                                                                       | SiTCP/SiTCP/SiTCP_INT/SiTCP_RESET_OUT                                                             |                4 |             16 |
|  CLK_200M_BUFG         | SiTCP/SiTCP/SiTCP/TCP/TCP_MNGR/_n0768_inv                                                                                  |                                                                                                   |                4 |             16 |
|  CLK_200M_BUFG         | SiTCP/SiTCP/SiTCP/ECIF_TX/_n0399_inv                                                                                       |                                                                                                   |                4 |             16 |
|  CLK_200M_BUFG         | SiTCP/SiTCP/SiTCP/TCP/TCP_MNGR/WinSizeUpdate                                                                               | SiTCP/SiTCP/SiTCP/TCP/TCP_MNGR/_n0703                                                             |                6 |             16 |
|  CLK_200M_BUFG         | SiTCP/SiTCP/SiTCP/TCP/TCP_MNGR/WinSizeUpdate                                                                               | SiTCP/SiTCP/SiTCP/TCP/TCP_MNGR/_n0715                                                             |                4 |             16 |
|  CLK_200M_BUFG         | SiTCP/SiTCP/SiTCP/TCP/TCP_MNGR/_n0759_inv                                                                                  |                                                                                                   |                4 |             16 |
|  CLK_200M_BUFG         | SiTCP/SiTCP/SiTCP/TCP/TCP_MNGR/_n0786_inv                                                                                  | SiTCP/SiTCP/SiTCP/TCP/TCP_MNGR/_n0706                                                             |                5 |             16 |
|  CLK_200M_BUFG         | SiTCP/SiTCP/SiTCP_INT/SiTCP_INT_DMAC/wrAddrEnb                                                                             |                                                                                                   |                5 |             16 |
|  CLK_200M_BUFG         | SiTCP/SiTCP/SiTCP_INT/MII_MIF/_n0284_inv                                                                                   |                                                                                                   |                3 |             16 |
|  GMII_RX_CLK_IBUF_BUFG | SiTCP/SiTCP/GMII/GMII_RXCNT/SetPauseTime                                                                                   |                                                                                                   |                3 |             16 |
|  CLK_200M_BUFG         |                                                                                                                            | SiTCP/led_reg[7][0]                                                                               |                8 |             17 |
|  CLK_200M_BUFG         | SiTCP/SiTCP/SiTCP/ECIF_TX/ipChkAddEnb                                                                                      |                                                                                                   |                6 |             17 |
|  CLK_200M_BUFG         | SiTCP/SiTCP/SiTCP/ECIF_TX/lay4ChkAddEnb                                                                                    |                                                                                                   |                5 |             17 |
|  CLK_200M_BUFG         | SiTCP/SiTCP/SiTCP/TCP/TCP_MNGR/_n0765_inv                                                                                  |                                                                                                   |                5 |             17 |
|  CLK_200M_BUFG         | SiTCP/SiTCP/SiTCP_INT/SiTCP_INT_CNTRL/eepOpReq                                                                             |                                                                                                   |                3 |             17 |
|  CLK_200M_BUFG         | SiTCP/SiTCP/SiTCP/TCP/TCP_TXCNT/_n1933_inv                                                                                 |                                                                                                   |                5 |             17 |
|  BUF_TX_CLK            | SiTCP/SiTCP/GMII/GMII_TXCNT/macPauseLd[0]                                                                                  |                                                                                                   |                5 |             18 |
|  CLK_200M_BUFG         |                                                                                                                            | SiTCP/SiTCP/SiTCP/UDP/UDP_PRE/irEcifRxVal_inv                                                     |                6 |             19 |
|  CLK_200M_BUFG         |                                                                                                                            | SiTCP/SiTCP/BBT_SiTCP_RST/resetReq[1]                                                             |                8 |             22 |
|  CLK_200M_BUFG         | SiTCP/SiTCP/SiTCP/UDP/UDP_LOC/preSoHd[0]                                                                                   |                                                                                                   |                5 |             23 |
|  CLK_200M_BUFG         | fifo_generator_v11_0/U0/xst_fifo_generator/gconvfifo.rf/grf.rf/gntv_or_sync_fifo.gl0.rd/grss.gdc.dc/dc/UP_DOWN_INV_9_o_inv | fifo_generator_v11_0/U0/xst_fifo_generator/gconvfifo.rf/grf.rf/rstblk/ngwrdrst.grst.rd_rst_reg[2] |                7 |             23 |
|  CLK_200M_BUFG         | fifo_generator_v11_0/U0/xst_fifo_generator/gconvfifo.rf/grf.rf/ram_wr_en                                                   | fifo_generator_v11_0/U0/xst_fifo_generator/gconvfifo.rf/grf.rf/rstblk/ngwrdrst.grst.wr_rst_reg[1] |                6 |             23 |
|  CLK_200M_BUFG         | SiTCP/SiTCP/SiTCP/TCP/TCP_TXCNT/memRdPrmLd[4]                                                                              |                                                                                                   |                8 |             24 |
|  CLK_200M_BUFG         | SiTCP/SiTCP/SiTCP/TCP/TCP_MNGR/_n0762_inv                                                                                  |                                                                                                   |                6 |             24 |
|  CLK_200M_BUFG         | SiTCP/SiTCP/SiTCP_INT/SiTCP_INT_DMAC/rdAddrEnb                                                                             |                                                                                                   |                7 |             25 |
|  CLK_200M_BUFG         |                                                                                                                            | AT93C46_IIC/PCA9548_SW/IIC_CTL/IIC_CORE/AR[1]                                                     |               10 |             26 |
|  GMII_RX_CLK_IBUF_BUFG | SiTCP/SiTCP/GMII/GMII_RXCNT/orTim                                                                                          |                                                                                                   |                7 |             26 |
|  CLK_200M_BUFG         | SiTCP/SiTCP/SiTCP_INT/MII_MIF/irTim1us                                                                                     | SiTCP/SiTCP/BBT_SiTCP_RST/resetReq[1]                                                             |               12 |             28 |
|  CLK_200M_BUFG         | sel                                                                                                                        | INICNT[0]_i_1_n_0                                                                                 |                8 |             30 |
|  CLK_200M_BUFG         | SiTCP/SiTCP/SiTCP/TCP/TCP_TXCNT/rdCurCuntEnb                                                                               |                                                                                                   |                8 |             32 |
|  CLK_200M_BUFG         | SiTCP/SiTCP/SiTCP/UDP/UDP_LOC/locWe                                                                                        |                                                                                                   |                8 |             32 |
|  CLK_200M_BUFG         | SiTCP/SiTCP/SiTCP/UDP/UDP_LOC/busAddrEnb                                                                                   |                                                                                                   |                8 |             32 |
|  CLK_200M_BUFG         | SiTCP/SiTCP/SiTCP/TCP/TCP_TXCNT/txMemWrEnb                                                                                 | SiTCP/SiTCP/SiTCP/TCP/TCP_TXCNT/irMngrIdle                                                        |                8 |             32 |
|  CLK_200M_BUFG         | SiTCP/SiTCP/SiTCP/TCP/TCP_TXCNT/snUpdate                                                                                   | SiTCP/SiTCP/SiTCP_INT/SiTCP_RESET_OUT                                                             |                9 |             32 |
|  CLK_200M_BUFG         | SiTCP/SiTCP/SiTCP/TCP/TCP_TXCNT/irEcifTxAck<1>_inv                                                                         | SiTCP/SiTCP/SiTCP/TCP/TCP_TXCNT/_n1227                                                            |                7 |             32 |
|  BUF_TX_CLK            | SiTCP/SiTCP/GMII/GMII_TXBUF/muxFcsEnb                                                                                      | SiTCP/SiTCP/SiTCP_INT/SiTCP_RESET_OUT                                                             |               11 |             32 |
|  CLK_200M_BUFG         | SiTCP/SiTCP/SiTCP/TCP/TCP_TXCNT/memRdBusy_inv                                                                              | SiTCP/SiTCP/SiTCP/TCP/TCP_TXCNT/irMngrIdle                                                        |                8 |             32 |
|  CLK_200M_BUFG         | SiTCP/SiTCP/SiTCP/TCP/TCP_TXCNT/irMngrIdle                                                                                 |                                                                                                   |               10 |             32 |
|  CLK_200M_BUFG         | SiTCP/SiTCP/SiTCP_INT/SiTCP_INT_REG/crcWe                                                                                  | SiTCP/SiTCP/BBT_SiTCP_RST/resetReq[1]                                                             |               13 |             32 |
|  CLK_200M_BUFG         | SiTCP/SiTCP/SiTCP/TCP/TCP_MNGR/snCntEnb                                                                                    |                                                                                                   |                8 |             32 |
|  GMII_RX_CLK_IBUF_BUFG | SiTCP/SiTCP/GMII/GMII_RXCNT/rxPrlVal                                                                                       | SiTCP/SiTCP/GMII/GMII_RXCNT/rxSfd                                                                 |               13 |             32 |
|  CLK_200M_BUFG         | SiTCP/SiTCP/SiTCP/TCP/TCP_TXCNT/rcvdOkAck                                                                                  | SiTCP/SiTCP/SiTCP_INT/SiTCP_RESET_OUT                                                             |                8 |             33 |
|  CLK_200M_BUFG         | SiTCP/SiTCP/SiTCP_INT/MII_MIF/_n0271_inv                                                                                   |                                                                                                   |               14 |             38 |
|  GMII_RX_CLK_IBUF_BUFG | SiTCP/SiTCP/GMII/GMII_RXCNT/rxPrlVal                                                                                       |                                                                                                   |               13 |             41 |
|  CLK_200M_BUFG         |                                                                                                                            | SiTCP/SiTCP/SiTCP/TCP/TCP_TXCNT/irMngrIdle                                                        |               13 |             43 |
|  CLK_200M_BUFG         | SiTCP/SiTCP/SiTCP/ECIF_RX/_n0686_inv                                                                                       | SiTCP/SiTCP/SiTCP_INT/SiTCP_RESET_OUT                                                             |               14 |             48 |
|  CLK_200M_BUFG         |                                                                                                                            | AT93C46_IIC/PCA9548_SW/IIC_CTL/IIC_CORE/ACK_BUF_reg_0[0]                                          |               19 |             65 |
|  CLK_200M_BUFG         |                                                                                                                            | AT93C46_IIC/PCA9548_SW/IIC_CTL/IIC_CORE/EXE_READ_reg_0                                            |               16 |             71 |
|  BUF_TX_CLK            |                                                                                                                            | SiTCP/SiTCP/SiTCP_INT/SiTCP_RESET_OUT                                                             |               22 |             71 |
|  BUF_TX_CLK            |                                                                                                                            |                                                                                                   |               31 |            101 |
|  GMII_RX_CLK_IBUF_BUFG |                                                                                                                            |                                                                                                   |               37 |            110 |
|  CLK_200M_BUFG         |                                                                                                                            | SiTCP/SiTCP/SiTCP_INT/SiTCP_RESET_OUT                                                             |               47 |            148 |
|  CLK_200M_BUFG         |                                                                                                                            |                                                                                                   |              493 |           1560 |
+------------------------+----------------------------------------------------------------------------------------------------------------------------+---------------------------------------------------------------------------------------------------+------------------+----------------+


+--------+-----------------------+
| Fanout | Number of ControlSets |
+--------+-----------------------+
| 1      |                     3 |
| 2      |                    26 |
| 3      |                    16 |
| 4      |                    17 |
| 5      |                    12 |
| 6      |                     2 |
| 7      |                     5 |
| 8      |                    84 |
| 9      |                     7 |
| 10     |                     5 |
| 11     |                    16 |
| 12     |                     8 |
| 13     |                     2 |
| 14     |                     3 |
| 15     |                     1 |
| 16+    |                    53 |
+--------+-----------------------+


